../../Drivers/STM32WBxx_HAL_Driver/Inc/stm32wbxx_ll_system.h:2223:26:LL_FLASH_GetUDN	4	static
../../Drivers/STM32WBxx_HAL_Driver/Inc/stm32wbxx_ll_system.h:2235:26:LL_FLASH_GetDeviceID	4	static
../../Drivers/STM32WBxx_HAL_Driver/Inc/stm32wbxx_ll_system.h:2247:26:LL_FLASH_GetSTCompanyID	4	static
C:/Users/dawi2/STM32CubeIDE/workspace_1.19.0/BLE_p2pClient/STM32_WPAN/App/app_ble.c:247:6:APP_BLE_Init	80	static
C:/Users/dawi2/STM32CubeIDE/workspace_1.19.0/BLE_p2pClient/STM32_WPAN/App/app_ble.c:378:28:SVCCTL_App_Notification	112	static
C:/Users/dawi2/STM32CubeIDE/workspace_1.19.0/BLE_p2pClient/STM32_WPAN/App/app_ble.c:696:22:APP_BLE_Get_Client_Connection_Status	16	static
C:/Users/dawi2/STM32CubeIDE/workspace_1.19.0/BLE_p2pClient/STM32_WPAN/App/app_ble.c:705:6:APP_BLE_Key_Button1_Action	8	static
C:/Users/dawi2/STM32CubeIDE/workspace_1.19.0/BLE_p2pClient/STM32_WPAN/App/app_ble.c:721:6:APP_BLE_Key_Button2_Action	4	static
C:/Users/dawi2/STM32CubeIDE/workspace_1.19.0/BLE_p2pClient/STM32_WPAN/App/app_ble.c:725:6:APP_BLE_Key_Button3_Action	4	static
C:/Users/dawi2/STM32CubeIDE/workspace_1.19.0/BLE_p2pClient/STM32_WPAN/App/app_ble.c:734:13:Ble_Tl_Init	16	static
C:/Users/dawi2/STM32CubeIDE/workspace_1.19.0/BLE_p2pClient/STM32_WPAN/App/app_ble.c:745:13:Ble_Hci_Gap_Gatt_Init	72	static
C:/Users/dawi2/STM32CubeIDE/workspace_1.19.0/BLE_p2pClient/STM32_WPAN/App/app_ble.c:959:13:Scan_Request	16	static
C:/Users/dawi2/STM32CubeIDE/workspace_1.19.0/BLE_p2pClient/STM32_WPAN/App/app_ble.c:993:13:Connect_Request	48	static
C:/Users/dawi2/STM32CubeIDE/workspace_1.19.0/BLE_p2pClient/STM32_WPAN/App/app_ble.c:1038:13:Switch_OFF_GPIO	8	static
C:/Users/dawi2/STM32CubeIDE/workspace_1.19.0/BLE_p2pClient/STM32_WPAN/App/app_ble.c:1045:16:BleGetBdAddress	32	static
C:/Users/dawi2/STM32CubeIDE/workspace_1.19.0/BLE_p2pClient/STM32_WPAN/App/app_ble.c:1102:6:hci_notify_asynch_evt	16	static
C:/Users/dawi2/STM32CubeIDE/workspace_1.19.0/BLE_p2pClient/STM32_WPAN/App/app_ble.c:1108:6:hci_cmd_resp_release	16	static
C:/Users/dawi2/STM32CubeIDE/workspace_1.19.0/BLE_p2pClient/STM32_WPAN/App/app_ble.c:1114:6:hci_cmd_resp_wait	16	static
C:/Users/dawi2/STM32CubeIDE/workspace_1.19.0/BLE_p2pClient/STM32_WPAN/App/app_ble.c:1120:13:BLE_UserEvtRx	24	static
C:/Users/dawi2/STM32CubeIDE/workspace_1.19.0/BLE_p2pClient/STM32_WPAN/App/app_ble.c:1140:13:BLE_StatusNot	24	static
C:/Users/dawi2/STM32CubeIDE/workspace_1.19.0/BLE_p2pClient/STM32_WPAN/App/app_ble.c:1169:6:SVCCTL_ResumeUserEventFlow	8	static
