../Application/User/Core/BMP180.c:30:9:BMP180_Read8	40	static
../Application/User/Core/BMP180.c:43:10:BMP180_Read16	40	static
../Application/User/Core/BMP180.c:61:6:BMP180_Write8	32	static
../Application/User/Core/BMP180.c:72:10:BMP180_readRawTemperature	8	static
../Application/User/Core/BMP180.c:82:9:BMP180_computeB5	24	static
../Application/User/Core/BMP180.c:91:9:BMP180_readRawPressure	16	static
../Application/User/Core/BMP180.c:120:6:BMP180_Init	16	static
../Application/User/Core/BMP180.c:147:7:BMP180_ReadTemperature	24	static
../Application/User/Core/BMP180.c:166:9:BMP180_ReadPressure	56	static
../Application/User/Core/BMP180.c:214:7:BMP180_PressureToAltitude	16	static
../Application/User/Core/BMP180.c:221:7:BMP180_SeaLevelForAltitude	24	static
