../../Drivers/STM32WBxx_HAL_Driver/Inc/stm32wbxx_ll_rcc.h:1679:22:LL_RCC_LSE_SetDriveCapability	1
../../Drivers/STM32WBxx_HAL_Driver/Inc/stm32wbxx_ll_bus.h:364:22:LL_AHB1_GRP1_EnableClock	1
../../Drivers/STM32WBxx_HAL_Driver/Inc/stm32wbxx_ll_bus.h:539:22:LL_AHB2_GRP1_EnableClock	1
C:/Users/dawi2/STM32CubeIDE/workspace_1.19.0/BLE_p2pClient/Core/Src/main.c:107:5:main	1
C:/Users/dawi2/STM32CubeIDE/workspace_1.19.0/BLE_p2pClient/Core/Src/main.c:184:6:SystemClock_Config	3
C:/Users/dawi2/STM32CubeIDE/workspace_1.19.0/BLE_p2pClient/Core/Src/main.c:235:6:PeriphCommonClock_Config	2
C:/Users/dawi2/STM32CubeIDE/workspace_1.19.0/BLE_p2pClient/Core/Src/main.c:260:13:MX_I2C1_Init	4
C:/Users/dawi2/STM32CubeIDE/workspace_1.19.0/BLE_p2pClient/Core/Src/main.c:308:13:MX_IPCC_Init	2
C:/Users/dawi2/STM32CubeIDE/workspace_1.19.0/BLE_p2pClient/Core/Src/main.c:334:6:MX_LPUART1_UART_Init	5
C:/Users/dawi2/STM32CubeIDE/workspace_1.19.0/BLE_p2pClient/Core/Src/main.c:382:6:MX_USART1_UART_Init	5
C:/Users/dawi2/STM32CubeIDE/workspace_1.19.0/BLE_p2pClient/Core/Src/main.c:430:13:MX_RF_Init	1
C:/Users/dawi2/STM32CubeIDE/workspace_1.19.0/BLE_p2pClient/Core/Src/main.c:451:13:MX_RTC_Init	3
C:/Users/dawi2/STM32CubeIDE/workspace_1.19.0/BLE_p2pClient/Core/Src/main.c:494:13:MX_TIM16_Init	2
C:/Users/dawi2/STM32CubeIDE/workspace_1.19.0/BLE_p2pClient/Core/Src/main.c:526:13:MX_TIM17_Init	2
C:/Users/dawi2/STM32CubeIDE/workspace_1.19.0/BLE_p2pClient/Core/Src/main.c:556:13:MX_DMA_Init	1
C:/Users/dawi2/STM32CubeIDE/workspace_1.19.0/BLE_p2pClient/Core/Src/main.c:579:13:MX_GPIO_Init	1
C:/Users/dawi2/STM32CubeIDE/workspace_1.19.0/BLE_p2pClient/Core/Src/main.c:612:6:Error_Handler	1
