../../Drivers/STM32WBxx_HAL_Driver/Inc/stm32wbxx_ll_rcc.h:1679:22:LL_RCC_LSE_SetDriveCapability	16	static
../../Drivers/STM32WBxx_HAL_Driver/Inc/stm32wbxx_ll_bus.h:364:22:LL_AHB1_GRP1_EnableClock	24	static
../../Drivers/STM32WBxx_HAL_Driver/Inc/stm32wbxx_ll_bus.h:539:22:LL_AHB2_GRP1_EnableClock	24	static
C:/Users/dawi2/STM32CubeIDE/workspace_1.19.0/BLE_p2pClient/Core/Src/main.c:108:5:main	24	static
C:/Users/dawi2/STM32CubeIDE/workspace_1.19.0/BLE_p2pClient/Core/Src/main.c:185:6:SystemClock_Config	112	static
C:/Users/dawi2/STM32CubeIDE/workspace_1.19.0/BLE_p2pClient/Core/Src/main.c:236:6:PeriphCommonClock_Config	88	static
C:/Users/dawi2/STM32CubeIDE/workspace_1.19.0/BLE_p2pClient/Core/Src/main.c:261:13:MX_I2C1_Init	8	static
C:/Users/dawi2/STM32CubeIDE/workspace_1.19.0/BLE_p2pClient/Core/Src/main.c:309:13:MX_IPCC_Init	8	static
C:/Users/dawi2/STM32CubeIDE/workspace_1.19.0/BLE_p2pClient/Core/Src/main.c:335:6:MX_LPUART1_UART_Init	8	static
C:/Users/dawi2/STM32CubeIDE/workspace_1.19.0/BLE_p2pClient/Core/Src/main.c:383:6:MX_USART1_UART_Init	8	static
C:/Users/dawi2/STM32CubeIDE/workspace_1.19.0/BLE_p2pClient/Core/Src/main.c:431:13:MX_RF_Init	4	static
C:/Users/dawi2/STM32CubeIDE/workspace_1.19.0/BLE_p2pClient/Core/Src/main.c:452:13:MX_RTC_Init	8	static
C:/Users/dawi2/STM32CubeIDE/workspace_1.19.0/BLE_p2pClient/Core/Src/main.c:495:13:MX_TIM16_Init	8	static
C:/Users/dawi2/STM32CubeIDE/workspace_1.19.0/BLE_p2pClient/Core/Src/main.c:527:13:MX_TIM17_Init	8	static
C:/Users/dawi2/STM32CubeIDE/workspace_1.19.0/BLE_p2pClient/Core/Src/main.c:557:13:MX_DMA_Init	8	static
C:/Users/dawi2/STM32CubeIDE/workspace_1.19.0/BLE_p2pClient/Core/Src/main.c:580:13:MX_GPIO_Init	32	static
C:/Users/dawi2/STM32CubeIDE/workspace_1.19.0/BLE_p2pClient/Core/Src/main.c:613:6:Error_Handler	4	static
